{
  "data": {
    "books": {
      "nodes": [
        {
          "title": "Reconstituirea (Reconstruction)"
        }
      ]
    }
  }
}
