{
  "data": {
    "books": {
      "nodes": [
        {
          "title": "Reconstituirea (Reconstruction)"
        }
      ],
      "totalCount": 1000
    }
  }
}
